

================================================================
== Vivado HLS Report for 'dut_update_knn'
================================================================
* Date:           Fri Oct  5 21:36:32 2018

* Version:        2016.2 (Build 1577090 on Thu Jun 02 16:59:10 MDT 2016)
* Project:        digitrec.prj
* Solution:       solution1
* Product family: zynq
* Target device:  xc7z020clg484-1


================================================================
== Performance Estimates
================================================================
+ Timing (ns): 
    * Summary: 
    +--------+-------+----------+------------+
    |  Clock | Target| Estimated| Uncertainty|
    +--------+-------+----------+------------+
    |ap_clk  |  10.00|      6.28|        1.25|
    +--------+-------+----------+------------+

+ Latency (clock cycles): 
    * Summary: 
    +-----+-----+-----+-----+---------+
    |  Latency  |  Interval | Pipeline|
    | min | max | min | max |   Type  |
    +-----+-----+-----+-----+---------+
    |   54|   63|   54|   63|   none  |
    +-----+-----+-----+-----+---------+

    + Detail: 
        * Instance: 
        N/A

        * Loop: 
        +-------------------+-----+-----+----------+-----------+-----------+-------+----------+
        |                   |  Latency  | Iteration|  Initiation Interval  |  Trip |          |
        |     Loop Name     | min | max |  Latency |  achieved |   target  | Count | Pipelined|
        +-------------------+-----+-----+----------+-----------+-----------+-------+----------+
        |- DIFFERENCE_LOOP  |   49|   49|         1|          -|          -|     49|    no    |
        |- DISTANCE_LOOP    |    3|   11|         3|          -|          -| 1 ~ 3 |    no    |
        +-------------------+-----+-----+----------+-----------+-----------+-------+----------+



================================================================
== Utilization Estimates
================================================================
* Summary: 
+-----------------+---------+-------+--------+-------+
|       Name      | BRAM_18K| DSP48E|   FF   |  LUT  |
+-----------------+---------+-------+--------+-------+
|DSP              |        -|      -|       -|      -|
|Expression       |        -|      -|       0|    190|
|FIFO             |        -|      -|       -|      -|
|Instance         |        -|      -|       -|      -|
|Memory           |        -|      -|       -|      -|
|Multiplexer      |        -|      -|       -|     95|
|Register         |        -|      -|     110|      -|
+-----------------+---------+-------+--------+-------+
|Total            |        0|      0|     110|    285|
+-----------------+---------+-------+--------+-------+
|Available        |      280|    220|  106400|  53200|
+-----------------+---------+-------+--------+-------+
|Utilization (%)  |        0|      0|   ~0   |   ~0  |
+-----------------+---------+-------+--------+-------+

+ Detail: 
    * Instance: 
    N/A

    * DSP48: 
    N/A

    * Memory: 
    N/A

    * FIFO: 
    N/A

    * Expression: 
    +--------------------+----------+-------+---+----+------------+------------+
    |    Variable Name   | Operation| DSP48E| FF| LUT| Bitwidth P0| Bitwidth P1|
    +--------------------+----------+-------+---+----+------------+------------+
    |dist_fu_184_p2      |     +    |      0|  0|  32|           1|          32|
    |i_1_fu_174_p2       |     +    |      0|  0|   6|           6|           1|
    |i_2_fu_218_p2       |     +    |      0|  0|   2|           2|           1|
    |tmp_3_fu_228_p2     |     +    |      0|  0|   6|           6|           6|
    |tmp_6_fu_251_p2     |     +    |      0|  0|   6|           6|           6|
    |tmp_s_fu_152_p2     |     -    |      0|  0|   6|           6|           6|
    |demorgan_fu_277_p2  |    and   |      0|  0|   1|           1|           1|
    |or_cond_fu_288_p2   |    and   |      0|  0|   1|           1|           1|
    |exitcond_fu_168_p2  |   icmp   |      0|  0|   3|           6|           5|
    |slt_fu_271_p2       |   icmp   |      0|  0|  11|          32|          32|
    |tmp_1_fu_282_p2     |   icmp   |      0|  0|   2|           2|           3|
    |tmp_4_fu_261_p2     |   icmp   |      0|  0|   3|           6|           5|
    |tmp_5_fu_212_p2     |   icmp   |      0|  0|   1|           2|           2|
    |tmp_8_fu_242_p2     |   icmp   |      0|  0|  11|          32|          32|
    |dist_0_s_fu_190_p3  |  select  |      0|  0|  32|           1|          32|
    |r_V_2_fu_162_p2     |    xor   |      0|  0|  67|          49|          49|
    +--------------------+----------+-------+---+----+------------+------------+
    |Total               |          |      0|  0| 190|         159|         214|
    +--------------------+----------+-------+---+----+------------+------------+

    * Multiplexer: 
    +--------------------------+----+-----------+-----+-----------+
    |           Name           | LUT| Input Size| Bits| Total Bits|
    +--------------------------+----+-----------+-----+-----------+
    |ap_NS_fsm                 |   1|          6|    1|          6|
    |i1_reg_128                |   2|          2|    2|          4|
    |i_reg_117                 |   6|          2|    6|         12|
    |min_distances_V_address0  |   5|          4|    5|         20|
    |p_s_reg_96                |  49|          2|   49|         98|
    |val_assign_reg_105        |  32|          2|   32|         64|
    +--------------------------+----+-----------+-----+-----------+
    |Total                     |  95|         18|   95|        204|
    +--------------------------+----+-----------+-----+-----------+

    * Register: 
    +------------------------------+----+----+-----+-----------+
    |             Name             | FF | LUT| Bits| Const Bits|
    +------------------------------+----+----+-----+-----------+
    |ap_CS_fsm                     |   5|   0|    5|          0|
    |i1_reg_128                    |   2|   0|    2|          0|
    |i_2_reg_331                   |   2|   0|    2|          0|
    |i_reg_117                     |   6|   0|    6|          0|
    |min_distances_V_addr_reg_337  |   5|   0|    5|          0|
    |p_s_reg_96                    |  49|   0|   49|          0|
    |tmp_4_reg_352                 |   1|   0|    1|          0|
    |tmp_5_reg_327                 |   1|   0|    1|          0|
    |tmp_8_reg_342                 |   1|   0|    1|          0|
    |tmp_s_reg_298                 |   6|   0|    6|          0|
    |val_assign_reg_105            |  32|   0|   32|          0|
    +------------------------------+----+----+-----+-----------+
    |Total                         | 110|   0|  110|          0|
    +------------------------------+----+----+-----+-----------+



================================================================
== Interface
================================================================
* Summary: 
+--------------------------+-----+-----+------------+-----------------+--------------+
|         RTL Ports        | Dir | Bits|  Protocol  |  Source Object  |    C Type    |
+--------------------------+-----+-----+------------+-----------------+--------------+
|ap_clk                    |  in |    1| ap_ctrl_hs |  dut_update_knn | return value |
|ap_rst                    |  in |    1| ap_ctrl_hs |  dut_update_knn | return value |
|ap_start                  |  in |    1| ap_ctrl_hs |  dut_update_knn | return value |
|ap_done                   | out |    1| ap_ctrl_hs |  dut_update_knn | return value |
|ap_idle                   | out |    1| ap_ctrl_hs |  dut_update_knn | return value |
|ap_ready                  | out |    1| ap_ctrl_hs |  dut_update_knn | return value |
|test_inst_V               |  in |   49|   ap_none  |   test_inst_V   |    scalar    |
|train_inst_V              |  in |   48|   ap_none  |   train_inst_V  |    scalar    |
|min_distances_V_address0  | out |    5|  ap_memory | min_distances_V |     array    |
|min_distances_V_ce0       | out |    1|  ap_memory | min_distances_V |     array    |
|min_distances_V_we0       | out |    1|  ap_memory | min_distances_V |     array    |
|min_distances_V_d0        | out |    6|  ap_memory | min_distances_V |     array    |
|min_distances_V_q0        |  in |    6|  ap_memory | min_distances_V |     array    |
|tmp_34                    |  in |    4|   ap_none  |      tmp_34     |    scalar    |
+--------------------------+-----+-----+------------+-----------------+--------------+

